Microchip MPLAB XC8 Compiler V2.46

Linker command line:

-W-3 \
  --edf=C:\Program Files\Microchip\xc8\v2.46\pic\dat\20240104201356_en.msgs \
  -cn -h+dist/default/debug\Projet_POBJ.debug.sym \
  --cmf=dist/default/debug\Projet_POBJ.debug.cmf -z -Q18F4550 \
  -oC:\Users\JERJEA~1\AppData\Local\Temp\xcAsfbo.\driver_tmp_3.o \
  --defsym=__MPLAB_BUILD=1 --fixupoverflow=error \
  -Mdist/default/debug/Projet_POBJ.debug.map \
  --md=C:\Users\JERJEA~1\AppData\Local\Temp\xcAsfbo.\driver_tmp_0.dat -E1 \
  -ver=XC8 Compiler --acfsm=1493 -ACODE=00h-07FFFh -ACONST=00h-07FFFh \
  -ASMALLCONST=0800h-08FFhx120 -AMEDIUMCONST=0800h-07FFFh -ACOMRAM=01h-05Fh \
  -AABS1=00h-07FFh -ABIGRAM=01h-07FFh -ARAM=060h-0FFh,0100h-01FFhx7 \
  -ABANK0=060h-0FFh -ABANK1=0100h-01FFh -ABANK2=0200h-02FFh \
  -ABANK3=0300h-03FFh -ABANK4=0400h-04FFh -ABANK5=0500h-05FFh \
  -ABANK6=0600h-06FFh -ABANK7=0700h-07FFh -ASFR=0F60h-0FFFh \
  -ABIGSFR=0F60h-0FFFh -ACONFIG=0300000h-030000Dh -AIDLOC=0200000h-0200007h \
  -AEEDATA=0F00000h-0F000FFh -peeprom_data=EEDATA \
  -preset_vec=00h,intcode,sivt_hi,intcodelo,sivt_lo,powerup,init \
  -pramtop=0800h -psmallconst=SMALLCONST -pmediumconst=MEDIUMCONST \
  -pconst=CONST -AFARRAM=00h-00h \
  -prdata=COMRAM,nvrram=COMRAM,nvbit=COMRAM,rbss=COMRAM,rbit=COMRAM \
  -pfarbss=FARRAM,fardata=FARRAM,nvFARRAM=FARRAM \
  -pintsave_regs=BIGRAM,bigbss=BIGRAM,bigdata=BIGRAM -pbss=RAM \
  -pidata=CODE,irdata=CODE,ibigdata=CODE,ifardata=CODE -prparam=COMRAM \
  C:\Users\JERJEA~1\AppData\Local\Temp\xcAsfbo.\driver_tmp_9.o \
  dist/default/debug\Projet_POBJ.debug.o 

Object code version is 3.11

Machine type is 18F4550



                Name                               Link     Load   Length Selector   Space Scale
C:\Users\JERJEA~1\AppData\Local\Temp\xcAsfbo.\driver_tmp_9.o
                config                           300000   300000        E        0       4
                init                                  0        0        4        0       0
dist/default/debug\Projet_POBJ.debug.o
                config                           300000   300000        E        0       4
                smallconst                          800      800        2      400       0
                text9                              13D2     13D2        E      401       0
                text8                              138C     138C       24      401       0
                text7                               C2C      C2C      39A      401       0
                text6                               802      802      42A      401       0
                text5                               FC6      FC6      1B4      401       0
                text4                              127E     127E       88      401       0
                text3                              117A     117A      104      401       0
                text2                              1306     1306       50      401       0
                text1                              13B0     13B0       22      401       0
                text0                              1356     1356       36      401       0
                cstackCOMRAM                          1        1       4E        1       1
                cinit                              13E0     13E0        6      401       0

TOTAL           Name                               Link     Load   Length     Space
        CLASS   CODE           
                init                                  0        0        4         0
                text9                              13D2     13D2        E         0
                text8                              138C     138C       24         0
                text7                               C2C      C2C      39A         0
                text6                               802      802      42A         0
                text5                               FC6      FC6      1B4         0
                text4                              127E     127E       88         0
                text3                              117A     117A      104         0
                text2                              1306     1306       50         0
                text1                              13B0     13B0       22         0
                text0                              1356     1356       36         0
                cinit                              13E0     13E0        6         0

        CLASS   CONST          

        CLASS   SMALLCONST     
                smallconst                          800      800        2         0

        CLASS   MEDIUMCONST    

        CLASS   COMRAM         
                cstackCOMRAM                          1        1       4E         1

        CLASS   ABS1           

        CLASS   BIGRAM         

        CLASS   RAM            

        CLASS   BANK0          

        CLASS   BANK1          

        CLASS   BANK2          

        CLASS   BANK3          

        CLASS   BANK4          

        CLASS   BANK5          

        CLASS   BANK6          

        CLASS   BANK7          

        CLASS   SFR            

        CLASS   BIGSFR         

        CLASS   CONFIG         
                config                           300000   300000        E         4

        CLASS   IDLOC          

        CLASS   EEDATA         

        CLASS   FARRAM         

        CLASS   HEAP           

        CLASS   STACK          



SEGMENTS        Name                           Load    Length   Top    Selector   Space  Class

                reset_vec                      000000  000004  000004         0       0  CODE    
                cstackCOMRAM                   000001  00004E  00004F         1       1  COMRAM  
                smallconst                     000800  000002  000802       400       0  SMALLCON
                text6                          000802  000BE4  0013E6       401       0  CODE    


UNUSED ADDRESS RANGES

        Name                Unused          Largest block    Delta
        BANK0            000060-0000FF               A0
        BANK1            000100-0001FF              100
        BANK2            000200-0002FF              100
        BANK3            000300-0003FF              100
        BANK4            000400-0004FF              100
        BANK5            000500-0005FF              100
        BANK6            000600-0006FF              100
        BANK7            000700-0007FF              100
        BIGRAM           00004F-0007FF              7B1
        BIGSFR           000F60-000FFF               A0
        CODE             000004-0007FF              7FC
                         0013E6-007FFF             6C1A
        COMRAM           00004F-00005F               11
        CONST            000004-0007FF              7FC
                         0013E6-007FFF             6C1A
        EEDATA           F00000-F000FF              100
        IDLOC            200000-200007                8
        MEDIUMCONST      0013E6-007FFF             6C1A
        RAM              000060-0007FF              100
        SFR              000F60-000FFF               A0
        SMALLCONST       0013E6-007FFF              100

                                  Symbol Table

?_ADC_Read_AN0                       cstackCOMRAM 000001
?_Lire_Tension_Batterie              cstackCOMRAM 000041
?___fldiv                            cstackCOMRAM 000028
?___flmul                            cstackCOMRAM 00000F
?___xxtofl                           cstackCOMRAM 000001
Lire_Tension_Batterie@adc_value      cstackCOMRAM 000049
Lire_Tension_Batterie@tension        cstackCOMRAM 000045
Surveiller_Tension_Batterie@tension  cstackCOMRAM 00004B
_ADCON0                              (abs)        000FC2
_ADCON0bits                          (abs)        000FC2
_ADCON1                              (abs)        000FC1
_ADCON2                              (abs)        000FC0
_ADC_Init                            text9        0013D2
_ADC_Read_AN0                        text8        00138C
_ADRESH                              (abs)        000FC4
_ADRESL                              (abs)        000FC3
_LATEbits                            (abs)        000F8D
_Lire_Tension_Batterie               text4        00127E
_OSCCONbits                          (abs)        000FD3
_Surveiller_Tension_Batterie         text2        001306
_TRISEbits                           (abs)        000F96
__HRAM                               (abs)        000000
__H__absolute__                      __absolute__ 000000
__Habs1                              abs1         000000
__Hbank0                             bank0        000000
__Hbank1                             bank1        000000
__Hbank2                             bank2        000000
__Hbank3                             bank3        000000
__Hbank4                             bank4        000000
__Hbank5                             bank5        000000
__Hbank6                             bank6        000000
__Hbank7                             bank7        000000
__Hbigbss                            bigbss       000000
__Hbigdata                           bigdata      000000
__Hbigram                            bigram       000000
__Hbigsfr                            bigsfr       000000
__Hbss                               bss          000000
__Hcinit                             cinit        000000
__Hclrtext                           clrtext      000000
__Hcomram                            comram       000000
__Hconfig                            config       30000E
__Hconst                             const        000000
__HcstackCOMRAM                      cstackCOMRAM 000000
__Hdata                              data         000000
__Heeprom_data                       eeprom_data  000000
__Hfarbss                            farbss       000000
__Hfardata                           fardata      000000
__Hheap                              heap         000000
__Hibigdata                          ibigdata     000000
__Hidata                             idata        000000
__Hidloc                             idloc        000000
__Hifardata                          ifardata     000000
__Hinit                              init         000004
__Hintcode                           intcode      000000
__Hintcode_body                      intcode_body 000000
__Hintcodelo                         intcodelo    000000
__Hintentry                          intentry     000000
__Hintret                            intret       000000
__Hintsave_regs                      intsave_regs 000000
__Hirdata                            irdata       000000
__Hmediumconst                       mediumconst  000000
__HnvFARRAM                          nvFARRAM     000000
__Hnvbit                             nvbit        000000
__Hnvrram                            nvrram       000000
__Hparam                             rparam       000000
__Hpowerup                           powerup      000000
__Hram                               ram          000000
__Hramtop                            ramtop       000800
__Hrbit                              rbit         000000
__Hrbss                              rbss         000000
__Hrdata                             rdata        000000
__Hreset_vec                         reset_vec    000000
__Hrparam                            rparam       000000
__Hsfr                               sfr          000000
__Hsivt_hi                           sivt_hi      000000
__Hsivt_lo                           sivt_lo      000000
__Hsmallconst                        smallconst   000802
__Hspace_0                           (abs)        0013E6
__Hspace_1                           (abs)        00004F
__Hspace_2                           (abs)        000000
__Hspace_4                           (abs)        60000E
__Hstack                             stack        000000
__Hstruct                            struct       000000
__Htemp                              temp         000000
__Htext                              text         000000
__Htext0                             text0        000000
__Htext1                             text1        000000
__Htext2                             text2        000000
__Htext3                             text3        000000
__Htext4                             text4        000000
__Htext5                             text5        000000
__Htext6                             text6        000000
__Htext7                             text7        000000
__Htext8                             text8        000000
__Htext9                             text9        000000
__LRAM                               (abs)        000001
__L__absolute__                      __absolute__ 000000
__Labs1                              abs1         000000
__Lbank0                             bank0        000000
__Lbank1                             bank1        000000
__Lbank2                             bank2        000000
__Lbank3                             bank3        000000
__Lbank4                             bank4        000000
__Lbank5                             bank5        000000
__Lbank6                             bank6        000000
__Lbank7                             bank7        000000
__Lbigbss                            bigbss       000000
__Lbigdata                           bigdata      000000
__Lbigram                            bigram       000000
__Lbigsfr                            bigsfr       000000
__Lbss                               bss          000000
__Lcinit                             cinit        000000
__Lclrtext                           clrtext      000000
__Lcomram                            comram       000000
__Lconfig                            config       000000
__Lconst                             const        000000
__LcstackCOMRAM                      cstackCOMRAM 000000
__Ldata                              data         000000
__Leeprom_data                       eeprom_data  000000
__Lfarbss                            farbss       000000
__Lfardata                           fardata      000000
__Lheap                              heap         000000
__Libigdata                          ibigdata     000000
__Lidata                             idata        000000
__Lidloc                             idloc        000000
__Lifardata                          ifardata     000000
__Linit                              init         000000
__Lintcode                           intcode      000000
__Lintcode_body                      intcode_body 000000
__Lintcodelo                         intcodelo    000000
__Lintentry                          intentry     000000
__Lintret                            intret       000000
__Lintsave_regs                      intsave_regs 000000
__Lirdata                            irdata       000000
__Lmediumconst                       mediumconst  000000
__LnvFARRAM                          nvFARRAM     000000
__Lnvbit                             nvbit        000000
__Lnvrram                            nvrram       000000
__Lparam                             rparam       000000
__Lpowerup                           powerup      000000
__Lram                               ram          000000
__Lramtop                            ramtop       000800
__Lrbit                              rbit         000000
__Lrbss                              rbss         000000
__Lrdata                             rdata        000000
__Lreset_vec                         reset_vec    000000
__Lrparam                            rparam       000000
__Lsfr                               sfr          000000
__Lsivt_hi                           sivt_hi      000000
__Lsivt_lo                           sivt_lo      000000
__Lsmallconst                        smallconst   000800
__Lspace_0                           (abs)        000000
__Lspace_1                           (abs)        000000
__Lspace_2                           (abs)        000000
__Lspace_4                           (abs)        000000
__Lstack                             stack        000000
__Lstruct                            struct       000000
__Ltemp                              temp         000000
__Ltext                              text         000000
__Ltext0                             text0        000000
__Ltext1                             text1        000000
__Ltext2                             text2        000000
__Ltext3                             text3        000000
__Ltext4                             text4        000000
__Ltext5                             text5        000000
__Ltext6                             text6        000000
__Ltext7                             text7        000000
__Ltext8                             text8        000000
__Ltext9                             text9        000000
__S0                                 (abs)        0013E6
__S1                                 (abs)        00004F
__S4                                 (abs)        000000
__S5                                 (abs)        000000
___fldiv                             text7        000C2C
___fldiv@a                           cstackCOMRAM 00002C
___fldiv@aexp                        cstackCOMRAM 000040
___fldiv@b                           cstackCOMRAM 000028
___fldiv@bexp                        cstackCOMRAM 00003F
___fldiv@grs                         cstackCOMRAM 00003B
___fldiv@new_exp                     cstackCOMRAM 000039
___fldiv@rem                         cstackCOMRAM 000034
___fldiv@sign                        cstackCOMRAM 000038
___flge                              text3        00117A
___flge@ff1                          cstackCOMRAM 000001
___flge@ff2                          cstackCOMRAM 000005
___flmul                             text6        000802
___flmul@a                           cstackCOMRAM 000013
___flmul@aexp                        cstackCOMRAM 000020
___flmul@b                           cstackCOMRAM 00000F
___flmul@bexp                        cstackCOMRAM 000021
___flmul@grs                         cstackCOMRAM 00001C
___flmul@prod                        cstackCOMRAM 000022
___flmul@sign                        cstackCOMRAM 00001B
___flmul@temp                        cstackCOMRAM 000026
___heap_hi                           (abs)        000000
___heap_lo                           (abs)        000000
___inthi_sp                          stack        000000
___inthi_stack_hi                    stack        000000
___inthi_stack_lo                    stack        000000
___intlo_sp                          stack        000000
___intlo_stack_hi                    stack        000000
___intlo_stack_lo                    stack        000000
___param_bank                        (abs)        000000
___rparam_used                       (abs)        000001
___sp                                stack        000000
___stack_hi                          stack        000000
___stack_lo                          stack        000000
___xxtofl                            text5        000FC6
___xxtofl@arg                        cstackCOMRAM 00000B
___xxtofl@exp                        cstackCOMRAM 00000A
___xxtofl@sign                       cstackCOMRAM 000009
___xxtofl@val                        cstackCOMRAM 000001
__accesstop                          (abs)        000060
__activetblptr                       (abs)        000000
__end_of_ADC_Init                    text9        0013E0
__end_of_ADC_Read_AN0                text8        0013B0
__end_of_Lire_Tension_Batterie       text4        001306
__end_of_Surveiller_Tension_Batterie text2        001356
__end_of___fldiv                     text7        000FC6
__end_of___flge                      text3        00127E
__end_of___flmul                     text6        000C2C
__end_of___xxtofl                    text5        00117A
__end_of__initialization             cinit        0013E0
__end_of_delay                       text1        0013D2
__end_of_main                        text0        00138C
__initialization                     cinit        0013E0
__mediumconst                        mediumconst  000000
__pcinit                             cinit        0013E0
__pcstackCOMRAM                      cstackCOMRAM 000001
__psmallconst                        smallconst   000800
__ptext0                             text0        001356
__ptext1                             text1        0013B0
__ptext2                             text2        001306
__ptext3                             text3        00117A
__ptext4                             text4        00127E
__ptext5                             text5        000FC6
__ptext6                             text6        000802
__ptext7                             text7        000C2C
__ptext8                             text8        00138C
__ptext9                             text9        0013D2
__ramtop                             ramtop       000800
__smallconst                         smallconst   000800
_delay                               text1        0013B0
_main                                text0        001356
delay@cntr                           cstackCOMRAM 000001
end_of_initialization                cinit        0013E0
intlevel0                            text         000000
intlevel1                            text         000000
intlevel2                            text         000000
intlevel3                            text         000000
isa$std                              (abs)        000001
isa$xinst                            (abs)        000000
stackhi                              (abs)        000000
stacklo                              (abs)        000000
start                                init         000000
start_initialization                 cinit        0013E0


MODULE INFORMATION

Module		Function		Class		Link	Load	Size
C:\Program Files\Microchip\xc8\v2.46\pic\sources\c99\common\xxtofl.c
		___xxtofl      		CODE           	0FC6	0000	436

C:\Program Files\Microchip\xc8\v2.46\pic\sources\c99\common\xxtofl.c estimated size: 436

C:\Program Files\Microchip\xc8\v2.46\pic\sources\c99\common\sprcmul.c
		___flmul       		CODE           	0802	0000	1066

C:\Program Files\Microchip\xc8\v2.46\pic\sources\c99\common\sprcmul.c estimated size: 1066

C:\Program Files\Microchip\xc8\v2.46\pic\sources\c99\common\sprcdiv.c
		___fldiv       		CODE           	0C2C	0000	922

C:\Program Files\Microchip\xc8\v2.46\pic\sources\c99\common\sprcdiv.c estimated size: 922

shared
		__initialization		CODE           	13E0	0000	1

shared estimated size: 1

main.c
		_delay         		CODE           	13B0	0000	34
		_Surveiller_Tension_Batterie		CODE           	1306	0000	80
		_Lire_Tension_Batterie		CODE           	127E	0000	136
		_main          		CODE           	1356	0000	54
		_ADC_Read_AN0  		CODE           	138C	0000	36
		_ADC_Init      		CODE           	13D2	0000	14

main.c estimated size: 354

C:\Program Files\Microchip\xc8\v2.46\pic\sources\c99\common\flge.c
		___flge        		CODE           	117A	0000	260

C:\Program Files\Microchip\xc8\v2.46\pic\sources\c99\common\flge.c estimated size: 260

