Microchip MPLAB XC8 Compiler V2.46

Linker command line:

-W-3 \
  --edf=C:\Program Files\Microchip\xc8\v2.46\pic\dat\20240104201356_en.msgs \
  -cn -h+dist/default/production\Projet_POBJ.production.sym \
  --cmf=dist/default/production\Projet_POBJ.production.cmf -z -Q18F4550 \
  -oC:\Users\JERJEA~1\AppData\Local\Temp\xcAsn2g.\driver_tmp_3.o \
  --defsym=__MPLAB_BUILD=1 --fixupoverflow=error \
  -Mdist/default/production/Projet_POBJ.production.map \
  --md=C:\Users\JERJEA~1\AppData\Local\Temp\xcAsn2g.\driver_tmp_0.dat -E1 \
  -ver=XC8 Compiler --acfsm=1493 -ACODE=00h-07FFFh -ACONST=00h-07FFFh \
  -ASMALLCONST=0800h-08FFhx120 -AMEDIUMCONST=0800h-07FFFh -ACOMRAM=01h-05Fh \
  -AABS1=00h-07FFh -ABIGRAM=01h-07FFh -ARAM=060h-0FFh,0100h-01FFhx7 \
  -ABANK0=060h-0FFh -ABANK1=0100h-01FFh -ABANK2=0200h-02FFh \
  -ABANK3=0300h-03FFh -ABANK4=0400h-04FFh -ABANK5=0500h-05FFh \
  -ABANK6=0600h-06FFh -ABANK7=0700h-07FFh -ASFR=0F60h-0FFFh \
  -ABIGSFR=0F60h-0FFFh -ACONFIG=0300000h-030000Dh -AIDLOC=0200000h-0200007h \
  -AEEDATA=0F00000h-0F000FFh -peeprom_data=EEDATA \
  -preset_vec=00h,intcode=8h,intcodelo,powerup,init -pramtop=0800h \
  -psmallconst=SMALLCONST -pmediumconst=MEDIUMCONST -pconst=CONST \
  -AFARRAM=00h-00h \
  -prdata=COMRAM,nvrram=COMRAM,nvbit=COMRAM,rbss=COMRAM,rbit=COMRAM \
  -pfarbss=FARRAM,fardata=FARRAM,nvFARRAM=FARRAM \
  -pintsave_regs=BIGRAM,bigbss=BIGRAM,bigdata=BIGRAM -pbss=RAM \
  -pidata=CODE,irdata=CODE,ibigdata=CODE,ifardata=CODE -prparam=COMRAM \
  C:\Users\JERJEA~1\AppData\Local\Temp\xcAsn2g.\driver_tmp_9.o \
  dist/default/production\Projet_POBJ.production.o 

Object code version is 3.11

Machine type is 18F4550



                Name                               Link     Load   Length Selector   Space Scale
C:\Users\JERJEA~1\AppData\Local\Temp\xcAsn2g.\driver_tmp_9.o
                config                           300000   300000        8        0       4
                init                                  E        E        4        4       0
                reset_vec                             0        0        4        0       0
dist/default/production\Projet_POBJ.production.o
                intcode                               8        8        6        4       0
                config                           300000   300000        8        0       4
                temp                                 37       37        1        1       1
                smallconst                          800      800        2      400       0
                intcode_body                        F78      F78       60      401       0
                text5                               FD8      FD8       40      401       0
                text4                               802      802      39A      401       0
                text3                               E74      E74      104      401       0
                text2                               B9C      B9C      1B4      401       0
                text1                              102C     102C        E      401       0
                text0                               D50      D50      124      401       0
                cstackCOMRAM                          1        1       31        1       1
                bssCOMRAM                            32       32        5        1       1
                cinit                              1018     1018       14      401       0

TOTAL           Name                               Link     Load   Length     Space
        CLASS   CODE           
                intcode                               8        8        6         0
                init                                  E        E        4         0
                reset_vec                             0        0        4         0
                intcode_body                        F78      F78       60         0
                text5                               FD8      FD8       40         0
                text4                               802      802      39A         0
                text3                               E74      E74      104         0
                text2                               B9C      B9C      1B4         0
                text1                              102C     102C        E         0
                text0                               D50      D50      124         0
                cinit                              1018     1018       14         0

        CLASS   CONST          

        CLASS   SMALLCONST     
                smallconst                          800      800        2         0

        CLASS   MEDIUMCONST    

        CLASS   COMRAM         
                temp                                 37       37        1         1
                cstackCOMRAM                          1        1       31         1
                bssCOMRAM                            32       32        5         1

        CLASS   ABS1           

        CLASS   BIGRAM         

        CLASS   RAM            

        CLASS   BANK0          

        CLASS   BANK1          

        CLASS   BANK2          

        CLASS   BANK3          

        CLASS   BANK4          

        CLASS   BANK5          

        CLASS   BANK6          

        CLASS   BANK7          

        CLASS   SFR            

        CLASS   BIGSFR         

        CLASS   CONFIG         
                config                           300000   300000        8         4

        CLASS   IDLOC          

        CLASS   EEDATA         

        CLASS   FARRAM         

        CLASS   HEAP           

        CLASS   STACK          



SEGMENTS        Name                           Load    Length   Top    Selector   Space  Class

                reset_vec                      000000  000004  000004         0       0  CODE    
                cstackCOMRAM                   000001  000037  000038         1       1  COMRAM  
                intcode                        000008  00000A  000012         4       0  CODE    
                smallconst                     000800  000002  000802       400       0  SMALLCON
                text4                          000802  000838  00103A       401       0  CODE    


UNUSED ADDRESS RANGES

        Name                Unused          Largest block    Delta
        BANK0            000060-0000FF               A0
        BANK1            000100-0001FF              100
        BANK2            000200-0002FF              100
        BANK3            000300-0003FF              100
        BANK4            000400-0004FF              100
        BANK5            000500-0005FF              100
        BANK6            000600-0006FF              100
        BANK7            000700-0007FF              100
        BIGRAM           000038-0007FF              7C8
        BIGSFR           000F60-000FFF               A0
        CODE             000004-000007                4
                         000012-0007FF              7EE
                         00103A-007FFF             6FC6
        COMRAM           000038-00005F               28
        CONFIG           300008-30000D                6
        CONST            000004-000007                4
                         000012-0007FF              7EE
                         00103A-007FFF             6FC6
        EEDATA           F00000-F000FF              100
        IDLOC            200000-200007                8
        MEDIUMCONST      00103A-007FFF             6FC6
        RAM              000060-0007FF              100
        SFR              000F60-000FFF               A0
        SMALLCONST       00103A-007FFF              100

                                  Symbol Table

?___fldiv                cstackCOMRAM 000011
?___xxtofl               cstackCOMRAM 000003
_ADCON1                  (abs)        000FC1
_CCP1CON                 (abs)        000FBD
_CCP1CONbits             (abs)        000FBD
_CCPR1H                  (abs)        000FBF
_CCPR1L                  (abs)        000FBE
_CMCON                   (abs)        000FB4
_INTCONbits              (abs)        000FF2
_ISR                     intcode      000008
_Init_Hardware           text5        000FD8
_LATCbits                (abs)        000F8B
_LATEbits                (abs)        000F8D
_OSCCONbits              (abs)        000FD3
_PIE1bits                (abs)        000F9D
_PIR1bits                (abs)        000F9E
_T0CON                   (abs)        000FD5
_TRISAbits               (abs)        000F92
_TRISCbits               (abs)        000F94
_TRISEbits               (abs)        000F96
__HRAM                   (abs)        000000
__H__absolute__          __absolute__ 000000
__Habs1                  abs1         000000
__Hbank0                 bank0        000000
__Hbank1                 bank1        000000
__Hbank2                 bank2        000000
__Hbank3                 bank3        000000
__Hbank4                 bank4        000000
__Hbank5                 bank5        000000
__Hbank6                 bank6        000000
__Hbank7                 bank7        000000
__Hbigbss                bigbss       000000
__Hbigdata               bigdata      000000
__Hbigram                bigram       000000
__Hbigsfr                bigsfr       000000
__Hbss                   bss          000000
__HbssCOMRAM             bssCOMRAM    000000
__Hcinit                 cinit        000000
__Hclrtext               clrtext      000000
__Hcomram                comram       000000
__Hconfig                config       300008
__Hconst                 const        000000
__HcstackCOMRAM          cstackCOMRAM 000000
__Hdata                  data         000000
__Heeprom_data           eeprom_data  000000
__Hfarbss                farbss       000000
__Hfardata               fardata      000000
__Hheap                  heap         000000
__Hibigdata              ibigdata     000000
__Hidata                 idata        000000
__Hidloc                 idloc        000000
__Hifardata              ifardata     000000
__Hinit                  init         000012
__Hintcode               intcode      00000E
__Hintcode_body          intcode_body 000000
__Hintcodelo             intcodelo    00000E
__Hintentry              intentry     000000
__Hintret                intret       000000
__Hintsave_regs          intsave_regs 000000
__Hirdata                irdata       000000
__Hmediumconst           mediumconst  000000
__HnvFARRAM              nvFARRAM     000000
__Hnvbit                 nvbit        000000
__Hnvrram                nvrram       000000
__Hparam                 rparam       000000
__Hpowerup               powerup      00000E
__Hram                   ram          000000
__Hramtop                ramtop       000800
__Hrbit                  rbit         000000
__Hrbss                  rbss         000000
__Hrdata                 rdata        000000
__Hreset_vec             reset_vec    000004
__Hrparam                rparam       000000
__Hsfr                   sfr          000000
__Hsivt_hi               sivt_hi      000000
__Hsivt_lo               sivt_lo      000000
__Hsmallconst            smallconst   000802
__Hspace_0               (abs)        00103A
__Hspace_1               (abs)        000038
__Hspace_2               (abs)        000000
__Hspace_4               (abs)        600008
__Hstack                 stack        000000
__Hstruct                struct       000000
__Htemp                  temp         000038
__Htext                  text         000000
__Htext0                 text0        000000
__Htext1                 text1        000000
__Htext2                 text2        000000
__Htext3                 text3        000000
__Htext4                 text4        000000
__Htext5                 text5        000000
__LRAM                   (abs)        000001
__L__absolute__          __absolute__ 000000
__Labs1                  abs1         000000
__Lbank0                 bank0        000000
__Lbank1                 bank1        000000
__Lbank2                 bank2        000000
__Lbank3                 bank3        000000
__Lbank4                 bank4        000000
__Lbank5                 bank5        000000
__Lbank6                 bank6        000000
__Lbank7                 bank7        000000
__Lbigbss                bigbss       000000
__Lbigdata               bigdata      000000
__Lbigram                bigram       000000
__Lbigsfr                bigsfr       000000
__Lbss                   bss          000000
__LbssCOMRAM             bssCOMRAM    000000
__Lcinit                 cinit        000000
__Lclrtext               clrtext      000000
__Lcomram                comram       000000
__Lconfig                config       000000
__Lconst                 const        000000
__LcstackCOMRAM          cstackCOMRAM 000000
__Ldata                  data         000000
__Leeprom_data           eeprom_data  000000
__Lfarbss                farbss       000000
__Lfardata               fardata      000000
__Lheap                  heap         000000
__Libigdata              ibigdata     000000
__Lidata                 idata        000000
__Lidloc                 idloc        000000
__Lifardata              ifardata     000000
__Linit                  init         00000E
__Lintcode               intcode      000008
__Lintcode_body          intcode_body 000000
__Lintcodelo             intcodelo    00000E
__Lintentry              intentry     000000
__Lintret                intret       000000
__Lintsave_regs          intsave_regs 000000
__Lirdata                irdata       000000
__Lmediumconst           mediumconst  000000
__LnvFARRAM              nvFARRAM     000000
__Lnvbit                 nvbit        000000
__Lnvrram                nvrram       000000
__Lparam                 rparam       000000
__Lpowerup               powerup      00000E
__Lram                   ram          000000
__Lramtop                ramtop       000800
__Lrbit                  rbit         000000
__Lrbss                  rbss         000000
__Lrdata                 rdata        000000
__Lreset_vec             reset_vec    000000
__Lrparam                rparam       000000
__Lsfr                   sfr          000000
__Lsivt_hi               sivt_hi      000000
__Lsivt_lo               sivt_lo      000000
__Lsmallconst            smallconst   000800
__Lspace_0               (abs)        000000
__Lspace_1               (abs)        000000
__Lspace_2               (abs)        000000
__Lspace_4               (abs)        000000
__Lstack                 stack        000000
__Lstruct                struct       000000
__Ltemp                  temp         000037
__Ltext                  text         000000
__Ltext0                 text0        000000
__Ltext1                 text1        000000
__Ltext2                 text2        000000
__Ltext3                 text3        000000
__Ltext4                 text4        000000
__Ltext5                 text5        000000
__S0                     (abs)        00103A
__S1                     (abs)        000038
__S4                     (abs)        000000
__S5                     (abs)        000000
___fldiv                 text4        000802
___fldiv@a               cstackCOMRAM 000015
___fldiv@aexp            cstackCOMRAM 000029
___fldiv@b               cstackCOMRAM 000011
___fldiv@bexp            cstackCOMRAM 000028
___fldiv@grs             cstackCOMRAM 000024
___fldiv@new_exp         cstackCOMRAM 000022
___fldiv@rem             cstackCOMRAM 00001D
___fldiv@sign            cstackCOMRAM 000021
___flge                  text3        000E74
___flge@ff1              cstackCOMRAM 000003
___flge@ff2              cstackCOMRAM 000007
___heap_hi               (abs)        000000
___heap_lo               (abs)        000000
___inthi_sp              stack        000000
___inthi_stack_hi        stack        000000
___inthi_stack_lo        stack        000000
___intlo_sp              stack        000000
___intlo_stack_hi        stack        000000
___intlo_stack_lo        stack        000000
___param_bank            (abs)        000000
___rparam_used           (abs)        000001
___sp                    stack        000000
___stack_hi              stack        000000
___stack_lo              stack        000000
___xxtofl                text2        000B9C
___xxtofl@arg            cstackCOMRAM 00000D
___xxtofl@exp            cstackCOMRAM 00000C
___xxtofl@sign           cstackCOMRAM 00000B
___xxtofl@val            cstackCOMRAM 000003
__accesstop              (abs)        000060
__activetblptr           (abs)        000000
__end_of_ISR             intcode_body 000FD8
__end_of_Init_Hardware   text5        001018
__end_of___fldiv         text4        000B9C
__end_of___flge          text3        000F78
__end_of___xxtofl        text2        000D50
__end_of__initialization cinit        001022
__end_of_envoyer_trigger text1        00103A
__end_of_main            text0        000E74
__initialization         cinit        001018
__mediumconst            mediumconst  000000
__pbssCOMRAM             bssCOMRAM    000032
__pcinit                 cinit        001018
__pcstackCOMRAM          cstackCOMRAM 000001
__pintcode               intcode      000008
__pintcode_body          intcode_body 000F78
__psmallconst            smallconst   000800
__ptext0                 text0        000D50
__ptext1                 text1        00102C
__ptext2                 text2        000B9C
__ptext3                 text3        000E74
__ptext4                 text4        000802
__ptext5                 text5        000FD8
__ramtop                 ramtop       000800
__smallconst             smallconst   000800
_envoyer_trigger         text1        00102C
_main                    text0        000D50
_mesure_prete            bssCOMRAM    000036
_temps_depart            bssCOMRAM    000034
_temps_fin               bssCOMRAM    000032
btemp                    temp         000037
end_of_initialization    cinit        001022
int$flags                temp         000037
int_func                 intcode_body 000F78
intlevel0                text         000000
intlevel1                text         000000
intlevel2                text         000000
intlevel3                text         000000
isa$std                  (abs)        000001
isa$xinst                (abs)        000000
main@distance_cm         cstackCOMRAM 00002E
main@duree_ticks         cstackCOMRAM 00002C
stackhi                  (abs)        000000
stacklo                  (abs)        000000
start                    init         00000E
start_initialization     cinit        001018
ttemp5                   temp         000038
ttemp6                   temp         00003B
ttemp7                   temp         00003F
wtemp8                   temp         000038


MODULE INFORMATION

Module		Function		Class		Link	Load	Size
C:\Program Files\Microchip\xc8\v2.46\pic\sources\c99\common\xxtofl.c
		___xxtofl      		CODE           	0B9C	0000	436

C:\Program Files\Microchip\xc8\v2.46\pic\sources\c99\common\xxtofl.c estimated size: 436

C:\Program Files\Microchip\xc8\v2.46\pic\sources\c99\common\sprcdiv.c
		___fldiv       		CODE           	0802	0000	922

C:\Program Files\Microchip\xc8\v2.46\pic\sources\c99\common\sprcdiv.c estimated size: 922

shared
		__initialization		CODE           	1018	0000	10

shared estimated size: 10

hardware.c
		_Init_Hardware 		CODE           	0FD8	0000	64

hardware.c estimated size: 64

main.c
		_ISR           		CODE           	0008	0000	102
		_main          		CODE           	0D50	0000	292
		_envoyer_trigger		CODE           	102C	0000	14

main.c estimated size: 408

C:\Program Files\Microchip\xc8\v2.46\pic\sources\c99\common\flge.c
		___flge        		CODE           	0E74	0000	260

C:\Program Files\Microchip\xc8\v2.46\pic\sources\c99\common\flge.c estimated size: 260

